// Jest Snapshot v1, https://goo.gl/fbAQLP

exports[`HomeModule matches snapshot 1`] = `
<div>
  <div
    class="home-page"
  >
    <p
      class="label text-center"
    >
      Empty
    </p>
  </div>
</div>
`;
